// Jest Snapshot v1, https://goo.gl/fbAQLP

exports[`CourtFormModal shows the court data and matches the snapshot when open 1`] = `
<DocumentFragment>
  <div
    class="overlay"
  >
    <div
      class="modal"
    >
      <div
        class="modalHeader"
      >
        <div
          class="modalHeaderInner"
        >
          <h2
            class="modalTitle"
          >
            courts.form_edit_title
          </h2>
          <p
            class="modalSubtitle"
          >
            courts.form_subtitle
          </p>
        </div>
        <button
          class="closeBtn"
          type="button"
        >
          ✕
        </button>
      </div>
      <form
        class="form"
      >
        <section
          aria-labelledby="general-info"
          class="section"
        >
          <div
            class="sectionTitle"
            id="general-info"
          >
            manager.general
          </div>
          <div
            class="sectionGrid"
          >
            <div
              class="field"
            >
              <label
                class="label"
                for="court-name"
              >
                courts.form_name
              </label>
              <input
                class="input"
                id="court-name"
                placeholder="courts.form_name"
                required=""
                type="text"
                value="Pista central"
              />
            </div>
          </div>
        </section>
        <section
          aria-labelledby="config-info"
          class="section"
        >
          <div
            class="sectionTitle"
            id="config-info"
          >
            courts.configuration
          </div>
          <div
            class="sectionGrid"
          >
            <div
              class="field"
            >
              <label
                class="label"
                for="court-sport"
              >
                courts.form_sport
              </label>
              <select
                class="select"
                id="court-sport"
              >
                <option
                  value="tenis"
                >
                  courts.sport_tenis
                </option>
                <option
                  value="padel"
                >
                  courts.sport_padel
                </option>
                <option
                  value="pickleball"
                >
                  courts.sport_pickleball
                </option>
                <option
                  value="baloncesto_3x3"
                >
                  courts.sport_baloncesto_3x3
                </option>
                <option
                  value="baloncesto_5x5"
                >
                  courts.sport_baloncesto_5x5
                </option>
                <option
                  value="futbol_5"
                >
                  courts.sport_futbol_5
                </option>
                <option
                  value="futbol_7"
                >
                  courts.sport_futbol_7
                </option>
                <option
                  value="futbol_11"
                >
                  courts.sport_futbol_11
                </option>
                <option
                  value="voley"
                >
                  courts.sport_voley
                </option>
                <option
                  value="balonmano"
                >
                  courts.sport_balonmano
                </option>
              </select>
            </div>
            <div
              class="field"
            >
              <label
                class="label"
                for="court-surface"
              >
                courts.form_surface
              </label>
              <select
                class="select"
                id="court-surface"
              >
                <option
                  value="tierra_batida"
                >
                  courts.surface_tierra_batida
                </option>
                <option
                  value="cesped_natural"
                >
                  courts.surface_cesped_natural
                </option>
                <option
                  value="cesped_artificial"
                >
                  courts.surface_cesped_artificial
                </option>
                <option
                  value="dura"
                >
                  courts.surface_dura
                </option>
                <option
                  value="arena"
                >
                  courts.surface_arena
                </option>
                <option
                  value="parque"
                >
                  courts.surface_parque
                </option>
              </select>
            </div>
            <div
              class="field"
            >
              <label
                class="label"
                for="court-indoor"
              >
                courts.form_type
              </label>
              <select
                class="select"
                id="court-indoor"
              >
                <option
                  value="false"
                >
                  courts.form_outdoor
                </option>
                <option
                  value="true"
                >
                  courts.form_indoor
                </option>
              </select>
            </div>
          </div>
        </section>
        <section
          aria-labelledby="pricing-info"
          class="section"
        >
          <div
            class="sectionTitle"
            id="pricing-info"
          >
            courts.pricing
          </div>
          <div
            class="sectionGrid"
          >
            <div
              class="field"
            >
              <label
                class="label"
                for="court-price-60"
              >
                courts.form_price_60
              </label>
              <input
                class="input"
                id="court-price-60"
                placeholder="0.00"
                required=""
                step="0.01"
                type="number"
                value="24"
              />
            </div>
            <div
              class="field"
            >
              <label
                class="label"
                for="court-price-90"
              >
                courts.form_price_90
              </label>
              <input
                class="input"
                id="court-price-90"
                placeholder="0.00"
                required=""
                step="0.01"
                type="number"
                value="32"
              />
            </div>
            <div
              class="field"
            >
              <label
                class="label"
                for="court-price-120"
              >
                courts.form_price_120
              </label>
              <input
                class="input"
                id="court-price-120"
                placeholder="0.00"
                required=""
                step="0.01"
                type="number"
                value="40"
              />
            </div>
            <div
              class="field"
            >
              <label
                class="label"
                for="court-min-unit"
              >
                courts.form_min_unit
              </label>
              <select
                class="select"
                id="court-min-unit"
              >
                <option
                  value="30"
                >
                  30 min
                </option>
                <option
                  value="60"
                >
                  60 min
                </option>
                <option
                  value="90"
                >
                  90 min
                </option>
              </select>
            </div>
          </div>
        </section>
        <section
          aria-labelledby="media-info"
          class="section"
        >
          <div
            class="sectionTitle"
            id="media-info"
          >
            manager.media
          </div>
          <div
            class="field"
          >
            <label
              class="label"
              for="court-image"
            >
              courts.form_image
            </label>
            <input
              accept="image/jpeg,image/png,image/webp,image/gif"
              class="input"
              id="court-image"
              type="file"
            />
            <div
              class="helperText"
            >
              courts.form_image_help
            </div>
            <img
              alt="court-preview"
              class="imagePreview"
              src="http://localhost:5000/uploads/courts/pista-central.jpg"
            />
          </div>
        </section>
        <section
          class="section"
        >
          <div
            class="field"
          >
            <label
              class="label"
              for="court-description"
            >
              courts.form_description
            </label>
            <textarea
              class="textarea"
              id="court-description"
              placeholder="courts.form_description"
            >
              Pista cubierta para competiciones
            </textarea>
          </div>
        </section>
        <div
          class="modalFooter"
        >
          <button
            class="btnSecondary"
            type="button"
          >
            courts.form_cancel
          </button>
          <button
            class="btnPrimary"
            type="submit"
          >
            courts.form_save
          </button>
        </div>
      </form>
    </div>
  </div>
</DocumentFragment>
`;
