// Jest Snapshot v1, https://goo.gl/fbAQLP

exports[`Home page renders the main landing content 1`] = `
<DocumentFragment>
  <main
    class="main"
  >
    <section
      class="heroSection"
    >
      <div
        class="heroContent"
      >
        <div
          class="heroText"
        >
          <h1
            class="heroTitle"
          >
            home.title
          </h1>
          <p
            class="heroSubtitle"
          >
            home.subtitle
          </p>
          <form
            class="searchBox"
          >
            <div
              class="searchIcon"
            >
              <svg
                fill="none"
                height="24"
                stroke="currentColor"
                stroke-width="2"
                viewBox="0 0 24 24"
                width="24"
              >
                <circle
                  cx="11"
                  cy="11"
                  r="8"
                />
                <path
                  d="m21 21-4.35-4.35"
                />
              </svg>
            </div>
            <input
              class="searchInput"
              placeholder="home.searchbar"
              type="text"
            />
          </form>
        </div>
        <div
          class="heroImage"
        >
          <img
            alt="Jugadores de pádel"
            height="400"
            src="/home.webp"
            width="400"
          />
        </div>
      </div>
    </section>
    <section
      class="aboutSection"
    >
      <div
        class="container"
      >
        <h2
          class="sectionTitle"
        >
          home.intro_title
        </h2>
        <p
          class="aboutText"
        >
          home.intro_text
        </p>
        <p
          class="aboutText"
        >
          home.intro_text2
        </p>
      </div>
    </section>
    <section
      class="popularSection"
    >
      <div
        class="container"
      >
        <h2
          class="sectionTitle"
        >
          home.sports_menu_title
        </h2>
        <p
          class="sportsSubtitle"
        >
          home.sports_menu_text
        </p>
        <div
          class="courtsGrid"
        >
          <div
            class="courtCard"
          >
            <div
              class="courtImage"
            >
              ⚽
            </div>
            <h3>
              home.football_button_title
            </h3>
            <p>
              home.football_button_text
            </p>
          </div>
          <div
            class="courtCard"
          >
            <div
              class="courtImage"
            >
              🏀
            </div>
            <h3>
              home.basketball_button_title
            </h3>
            <p>
              home.basketball_button_text
            </p>
          </div>
          <div
            class="courtCard"
          >
            <div
              class="courtImage"
            >
              🎾
            </div>
            <h3>
              home.tenis_button_title
            </h3>
            <p>
              home.tenis_button_text
            </p>
          </div>
          <div
            class="courtCard"
          >
            <div
              class="courtImage"
            >
              🏐
            </div>
            <h3>
              home.voleiball_button_title
            </h3>
            <p>
              home.voleiball_button_text
            </p>
          </div>
        </div>
      </div>
    </section>
    <section
      class="playersSection"
    >
      <div
        class="container"
      >
        <h2
          class="sectionTitle"
        >
          home.players_title
        </h2>
        <div
          class="stepsGrid"
        >
          <div
            class="stepCard"
          >
            <div
              class="stepNumber"
            >
              1
            </div>
            <h3>
              home.players_subtitle_1
            </h3>
            <p>
              home.players_text_1
            </p>
          </div>
          <div
            class="stepCard"
          >
            <div
              class="stepNumber"
            >
              2
            </div>
            <h3>
              home.players_subtitle_2
            </h3>
            <p>
              home.players_text_2
            </p>
          </div>
          <div
            class="stepCard"
          >
            <div
              class="stepNumber"
            >
              3
            </div>
            <h3>
              home.players_subtitle_3
            </h3>
            <p>
              home.players_text_3
            </p>
          </div>
        </div>
      </div>
    </section>
    <section
      class="featuresSection"
    >
      <div
        class="container"
      >
        <h2
          class="sectionTitle sectionTitleLight"
        >
          home.feats_title
        </h2>
        <div
          class="benefitsGrid"
        >
          <div
            class="benefitCard"
          >
            <div
              class="benefitIcon"
            >
              ⚡
            </div>
            <h3>
              home.feats_subtitle_1
            </h3>
            <p>
              home.feats_text_1
            </p>
          </div>
          <div
            class="benefitCard"
          >
            <div
              class="benefitIcon"
            >
              💳
            </div>
            <h3>
              home.feats_subtitle_2
            </h3>
            <p>
              home.feats_text_2
            </p>
          </div>
          <div
            class="benefitCard"
          >
            <div
              class="benefitIcon"
            >
              📍
            </div>
            <h3>
              home.feats_subtitle_3
            </h3>
            <p>
              home.feats_text_3
            </p>
          </div>
          <div
            class="benefitCard"
          >
            <div
              class="benefitIcon"
            >
              🔔
            </div>
            <h3>
              home.feats_subtitle_4
            </h3>
            <p>
              home.feats_text_4
            </p>
          </div>
          <div
            class="benefitCard"
          >
            <div
              class="benefitIcon"
            >
              📊
            </div>
            <h3>
              home.feats_subtitle_5
            </h3>
            <p>
              home.feats_text_5
            </p>
          </div>
          <div
            class="benefitCard"
          >
            <div
              class="benefitIcon"
            >
              ⭐
            </div>
            <h3>
              home.feats_subtitle_6
            </h3>
            <p>
              home.feats_text_6
            </p>
          </div>
        </div>
      </div>
    </section>
    <section
      class="managersSection"
    >
      <div
        class="container"
      >
        <h2
          class="sectionTitle"
        >
          home.manager_title
        </h2>
        <p
          class="managersText"
        >
          home.manager_text
        </p>
        <a
          class="learnMoreBtn"
          href="/infomanager"
        >
          home.manager_button
        </a>
      </div>
    </section>
    <section
      class="testimonialsSection"
    >
      <div
        class="container"
      >
        <h2
          class="sectionTitle"
        >
          home.reviews_title
        </h2>
        <div
          class="testimonialsGrid"
        >
          <div
            class="testimonialCard"
          >
            <h4>
              home.review_title_1
            </h4>
            <p
              class="testimonialAuthor"
            >
              home.review_name_1
            </p>
            <p
              class="testimonialText"
            >
              home.review_text_1
            </p>
          </div>
          <div
            class="testimonialCard"
          >
            <h4>
              home.review_title_2
            </h4>
            <p
              class="testimonialAuthor"
            >
              home.review_name_2
            </p>
            <p
              class="testimonialText"
            >
              home.review_text_2
            </p>
          </div>
          <div
            class="testimonialCard"
          >
            <h4>
              home.review_title_3
            </h4>
            <p
              class="testimonialAuthor"
            >
              home.review_name_3
            </p>
            <p
              class="testimonialText"
            >
              home.review_text_3
            </p>
          </div>
        </div>
      </div>
    </section>
    <section
      class="ctaSection"
    >
      <div
        class="container"
      >
        <h2
          class="ctaTitle"
        >
          home.cta_title
        </h2>
        <p
          class="ctaText"
        >
          home.cta_text
        </p>
        <div
          class="ctaButtons"
        >
          <a
            class="primaryBtn"
            href="/register"
          >
            home.signup_button
          </a>
          <a
            class="secondaryBtn"
            href="/clubs"
          >
            home.explore_button
          </a>
        </div>
      </div>
    </section>
  </main>
</DocumentFragment>
`;
