// Jest Snapshot v1, https://goo.gl/fbAQLP

exports[`Home page renders the main landing content 1`] = `
<DocumentFragment>
  <main
    class="main"
  >
    <section
      class="heroSection"
    >
      <div
        class="heroContent"
      >
        <div
          class="heroText"
        >
          <h1
            class="heroTitle"
          >
            home.title
          </h1>
          <p
            class="heroSubtitle"
          >
            home.subtitle
          </p>
          <form
            class="searchBox"
          >
            <div
              class="searchIcon"
            >
              <svg
                fill="none"
                height="24"
                stroke="currentColor"
                stroke-width="2"
                viewBox="0 0 24 24"
                width="24"
              >
                <circle
                  cx="11"
                  cy="11"
                  r="8"
                />
                <path
                  d="m21 21-4.35-4.35"
                />
              </svg>
            </div>
            <input
              class="searchInput"
              placeholder="home.searchbar"
              type="text"
            />
          </form>
        </div>
        <div
          class="heroImage"
        >
          <img
            alt="Jugadores de pádel"
            height="400"
            src="/home.webp"
            width="400"
          />
        </div>
      </div>
    </section>
    <section
      class="aboutSection"
    >
      <div
        class="container"
      >
        <h2
          class="sectionTitle"
        >
          home.intro_title
        </h2>
        <p
          class="aboutText"
        >
          home.intro_text
        </p>
        <p
          class="aboutText"
        >
          home.intro_text2
        </p>
      </div>
    </section>
    <section
      class="popularSection"
    >
      <div
        class="container"
      >
        <h2
          class="sectionTitle"
        >
          home.sports_menu_title
        </h2>
        <p
          class="sportsSubtitle"
        >
          home.sports_menu_text
        </p>
        <div
          class="courtsGrid"
        >
          <div
            class="courtCard"
          >
            <div
              class="courtImage"
            >
              ⚽
            </div>
            <h3>
              home.football_button_title
            </h3>
            <p>
              home.football_button_text
            </p>
          </div>
          <div
            class="courtCard"
          >
            <div
              class="courtImage"
            >
              🏀
            </div>
            <h3>
              home.basketball_button_title
            </h3>
            <p>
              home.basketball_button_text
            </p>
          </div>
          <div
            class="courtCard"
          >
            <div
              class="courtImage"
            >
              🎾
            </div>
            <h3>
              home.tenis_button_title
            </h3>
            <p>
              home.tenis_button_text
            </p>
          </div>
          <div
            class="courtCard"
          >
            <div
              class="courtImage"
            >
              🏐
            </div>
            <h3>
              home.voleiball_button_title
            </h3>
            <p>
              home.voleiball_button_text
            </p>
          </div>
        </div>
      </div>
    </section>
    <section
      class="playersSection"
    >
      <div
        class="container"
      >
        <h2
          class="sectionTitle"
        >
          home.players_title
        </h2>
        <div
          class="stepsGrid"
        >
          <div
            class="stepCard"
          >
            <div
              class="stepNumber"
            >
              1
            </div>
            <h3>
              home.players_subtitle_1
            </h3>
            <p>
              home.players_text_1
            </p>
          </div>
          <div
            class="stepCard"
          >
            <div
              class="stepNumber"
            >
              2
            </div>
            <h3>
              home.players_subtitle_2
            </h3>
            <p>
              home.players_text_2
            </p>
          </div>
          <div
            class="stepCard"
          >
            <div
              class="stepNumber"
            >
              3
            </div>
            <h3>
              home.players_subtitle_3
            </h3>
            <p>
              home.players_text_3
            </p>
          </div>
          <div
            class="stepCard"
          >
            <div
              class="stepNumber"
            >
              4
            </div>
            <h3>
              home.players_subtitle_4
            </h3>
            <p>
              home.players_text_4
            </p>
          </div>
        </div>
      </div>
    </section>
    <section
      class="reviewsSection"
    >
      <div
        class="container"
      >
        <h2
          class="sectionTitle"
        >
          home.reviews_title
        </h2>
        <div
          class="reviewsGrid"
        >
          <blockquote
            class="reviewCard"
          >
            <div
              class="reviewHeader"
            >
              <img
                alt="María González"
                class="reviewAvatar"
                height="64"
                src="/review1.jpg"
                width="64"
              />
              <div>
                <h3>
                  María González
                </h3>
                <p>
                  Jugadora amateur
                </p>
              </div>
            </div>
            <p>
              "Gracias a AllCourts pude encontrar compañeros de juego en minutos. La app es intuitiva y la reserva fue súper fácil."
            </p>
          </blockquote>
          <blockquote
            class="reviewCard"
          >
            <div
              class="reviewHeader"
            >
              <img
                alt="Carlos Herrera"
                class="reviewAvatar"
                height="64"
                src="/review2.jpg"
                width="64"
              />
              <div>
                <h3>
                  Carlos Herrera
                </h3>
                <p>
                  Capitán de equipo local
                </p>
              </div>
            </div>
            <p>
              "Gestionamos los partidos del club y las reservas de pista sin complicaciones. Muy práctica para organizarnos cada semana."
            </p>
          </blockquote>
          <blockquote
            class="reviewCard"
          >
            <div
              class="reviewHeader"
            >
              <img
                alt="Laura Díaz"
                class="reviewAvatar"
                height="64"
                src="/review3.jpg"
                width="64"
              />
              <div>
                <h3>
                  Laura Díaz
                </h3>
                <p>
                  Propietaria de club deportivo
                </p>
              </div>
            </div>
            <p>
              "Me ayudó a llenar horarios libres del club y a automatizar la gestión de reservas. Excelente experiencia de usuario."
            </p>
          </blockquote>
        </div>
      </div>
    </section>
  </main>
`;